// Jest Snapshot v1, https://goo.gl/fbAQLP

exports[`checks CatCardContainer snapshot 1`] = `
<div
  className="catCardContainer"
  style={
    Object {
      "padding": "10px",
    }
  }
>
  <center>
    <div
      id="catCard"
      style={
        Object {
          "borderRadius": "5px",
          "boxShadow": "0px 0px 15px 0px rgba(158,158,158,1)",
          "margin": "20px",
          "maxWidth": "400px",
          "padding": "5px",
        }
      }
    >
      <h2 />
      <div
        id="errorMessage"
        style={
          Object {
            "fontSize": "0.8rem",
            "padding": "5px ",
          }
        }
      >
        This cat doesn't like having it's picture shown right now, please try again later.
      </div>
      <div
        style={
          Object {
            "width": "100%",
          }
        }
      >
        <span />
      </div>
    </div>
  </center>
  <center>
    <div
      id="catCard"
      style={
        Object {
          "borderRadius": "5px",
          "boxShadow": "0px 0px 15px 0px rgba(158,158,158,1)",
          "margin": "20px",
          "maxWidth": "400px",
          "padding": "5px",
        }
      }
    >
      <h2 />
      <div
        id="errorMessage"
        style={
          Object {
            "fontSize": "0.8rem",
            "padding": "5px ",
          }
        }
      >
        This cat doesn't like having it's picture shown right now, please try again later.
      </div>
      <div
        style={
          Object {
            "width": "100%",
          }
        }
      >
        <span />
      </div>
    </div>
  </center>
  <center>
    <div
      id="catCard"
      style={
        Object {
          "borderRadius": "5px",
          "boxShadow": "0px 0px 15px 0px rgba(158,158,158,1)",
          "margin": "20px",
          "maxWidth": "400px",
          "padding": "5px",
        }
      }
    >
      <h2 />
      <div
        id="errorMessage"
        style={
          Object {
            "fontSize": "0.8rem",
            "padding": "5px ",
          }
        }
      >
        This cat doesn't like having it's picture shown right now, please try again later.
      </div>
      <div
        style={
          Object {
            "width": "100%",
          }
        }
      >
        <span />
      </div>
    </div>
  </center>
</div>
`;
