// Jest Snapshot v1, https://goo.gl/fbAQLP

exports[`checks CatCard snapshot 1`] = `
<center>
  <div
    id="catCardundefined"
    style={
      Object {
        "borderRadius": "5px",
        "boxShadow": "0px 0px 15px 0px rgba(158,158,158,1)",
        "margin": "20px",
        "maxWidth": "400px",
        "padding": "5px",
      }
    }
  >
    <h2>
      test cat
    </h2>
    <img
      alt="cat"
      id="cat-image"
      src="testURL"
      style={
        Object {
          "maxHeight": "400px",
          "maxWidth": "400px",
        }
      }
    />
    <div
      style={
        Object {
          "width": "100%",
        }
      }
    >
      <span>
        I'm a test cat
      </span>
    </div>
    <button
      id="favouriteButtonundefined"
      onClick={[Function]}
    >
      Favourite
    </button>
  </div>
</center>
`;
