// Jest Snapshot v1, https://goo.gl/fbAQLP

exports[`checks CatCard snapshot 1`] = `
<div
  id="catCardundefined"
>
  <h2>
    test cat
  </h2>
  <img
    alt="cat"
    id="cat-image"
    src="testURL"
    style={
      Object {
        "maxHeight": "100vh",
        "maxWidth": "100%",
      }
    }
  />
  <div
    style={
      Object {
        "width": "100%",
      }
    }
  >
    <span>
      I'm a test cat
    </span>
  </div>
  <button
    id="favouriteButtonundefined"
    onClick={[Function]}
  >
    Favourite
  </button>
</div>
`;
